Archive member included because of file (symbol)

c:/program files (x86)/atmel/atmel toolchain/avr8 gcc/native/3.4.2.939/avr8-gnu-toolchain/bin/../lib/gcc/avr/4.7.2/../../../../avr/lib/avr51\libm.a(addsf3.o)
                              Cjson/cJSON.o (__subsf3)
c:/program files (x86)/atmel/atmel toolchain/avr8 gcc/native/3.4.2.939/avr8-gnu-toolchain/bin/../lib/gcc/avr/4.7.2/../../../../avr/lib/avr51\libm.a(addsf3x.o)
                              c:/program files (x86)/atmel/atmel toolchain/avr8 gcc/native/3.4.2.939/avr8-gnu-toolchain/bin/../lib/gcc/avr/4.7.2/../../../../avr/lib/avr51\libm.a(addsf3.o) (__addsf3x)
c:/program files (x86)/atmel/atmel toolchain/avr8 gcc/native/3.4.2.939/avr8-gnu-toolchain/bin/../lib/gcc/avr/4.7.2/../../../../avr/lib/avr51\libm.a(cmpsf2.o)
                              Application/schedule_execute.o (__eqsf2)
c:/program files (x86)/atmel/atmel toolchain/avr8 gcc/native/3.4.2.939/avr8-gnu-toolchain/bin/../lib/gcc/avr/4.7.2/../../../../avr/lib/avr51\libm.a(divsf3.o)
                              Application/json.o (__divsf3)
c:/program files (x86)/atmel/atmel toolchain/avr8 gcc/native/3.4.2.939/avr8-gnu-toolchain/bin/../lib/gcc/avr/4.7.2/../../../../avr/lib/avr51\libm.a(divsf3x.o)
                              c:/program files (x86)/atmel/atmel toolchain/avr8 gcc/native/3.4.2.939/avr8-gnu-toolchain/bin/../lib/gcc/avr/4.7.2/../../../../avr/lib/avr51\libm.a(divsf3.o) (__divsf3x)
c:/program files (x86)/atmel/atmel toolchain/avr8 gcc/native/3.4.2.939/avr8-gnu-toolchain/bin/../lib/gcc/avr/4.7.2/../../../../avr/lib/avr51\libm.a(fixsfsi.o)
                              Application/json.o (__fixsfsi)
c:/program files (x86)/atmel/atmel toolchain/avr8 gcc/native/3.4.2.939/avr8-gnu-toolchain/bin/../lib/gcc/avr/4.7.2/../../../../avr/lib/avr51\libm.a(fixunssfsi.o)
                              Application/schedule_execute.o (__fixunssfsi)
c:/program files (x86)/atmel/atmel toolchain/avr8 gcc/native/3.4.2.939/avr8-gnu-toolchain/bin/../lib/gcc/avr/4.7.2/../../../../avr/lib/avr51\libm.a(floatsisf.o)
                              Application/json.o (__floatunsisf)
c:/program files (x86)/atmel/atmel toolchain/avr8 gcc/native/3.4.2.939/avr8-gnu-toolchain/bin/../lib/gcc/avr/4.7.2/../../../../avr/lib/avr51\libm.a(floor.o)
                              Cjson/cJSON.o (floor)
c:/program files (x86)/atmel/atmel toolchain/avr8 gcc/native/3.4.2.939/avr8-gnu-toolchain/bin/../lib/gcc/avr/4.7.2/../../../../avr/lib/avr51\libm.a(fp_cmp.o)
                              c:/program files (x86)/atmel/atmel toolchain/avr8 gcc/native/3.4.2.939/avr8-gnu-toolchain/bin/../lib/gcc/avr/4.7.2/../../../../avr/lib/avr51\libm.a(cmpsf2.o) (__fp_cmp)
c:/program files (x86)/atmel/atmel toolchain/avr8 gcc/native/3.4.2.939/avr8-gnu-toolchain/bin/../lib/gcc/avr/4.7.2/../../../../avr/lib/avr51\libm.a(fp_inf.o)
                              c:/program files (x86)/atmel/atmel toolchain/avr8 gcc/native/3.4.2.939/avr8-gnu-toolchain/bin/../lib/gcc/avr/4.7.2/../../../../avr/lib/avr51\libm.a(addsf3x.o) (__fp_inf)
c:/program files (x86)/atmel/atmel toolchain/avr8 gcc/native/3.4.2.939/avr8-gnu-toolchain/bin/../lib/gcc/avr/4.7.2/../../../../avr/lib/avr51\libm.a(fp_mintl.o)
                              c:/program files (x86)/atmel/atmel toolchain/avr8 gcc/native/3.4.2.939/avr8-gnu-toolchain/bin/../lib/gcc/avr/4.7.2/../../../../avr/lib/avr51\libm.a(floor.o) (__fp_mintl)
c:/program files (x86)/atmel/atmel toolchain/avr8 gcc/native/3.4.2.939/avr8-gnu-toolchain/bin/../lib/gcc/avr/4.7.2/../../../../avr/lib/avr51\libm.a(fp_mpack.o)
                              c:/program files (x86)/atmel/atmel toolchain/avr8 gcc/native/3.4.2.939/avr8-gnu-toolchain/bin/../lib/gcc/avr/4.7.2/../../../../avr/lib/avr51\libm.a(floor.o) (__fp_mpack)
c:/program files (x86)/atmel/atmel toolchain/avr8 gcc/native/3.4.2.939/avr8-gnu-toolchain/bin/../lib/gcc/avr/4.7.2/../../../../avr/lib/avr51\libm.a(fp_nan.o)
                              c:/program files (x86)/atmel/atmel toolchain/avr8 gcc/native/3.4.2.939/avr8-gnu-toolchain/bin/../lib/gcc/avr/4.7.2/../../../../avr/lib/avr51\libm.a(addsf3x.o) (__fp_nan)
c:/program files (x86)/atmel/atmel toolchain/avr8 gcc/native/3.4.2.939/avr8-gnu-toolchain/bin/../lib/gcc/avr/4.7.2/../../../../avr/lib/avr51\libm.a(fp_pscA.o)
                              c:/program files (x86)/atmel/atmel toolchain/avr8 gcc/native/3.4.2.939/avr8-gnu-toolchain/bin/../lib/gcc/avr/4.7.2/../../../../avr/lib/avr51\libm.a(addsf3x.o) (__fp_pscA)
c:/program files (x86)/atmel/atmel toolchain/avr8 gcc/native/3.4.2.939/avr8-gnu-toolchain/bin/../lib/gcc/avr/4.7.2/../../../../avr/lib/avr51\libm.a(fp_pscB.o)
                              c:/program files (x86)/atmel/atmel toolchain/avr8 gcc/native/3.4.2.939/avr8-gnu-toolchain/bin/../lib/gcc/avr/4.7.2/../../../../avr/lib/avr51\libm.a(addsf3x.o) (__fp_pscB)
c:/program files (x86)/atmel/atmel toolchain/avr8 gcc/native/3.4.2.939/avr8-gnu-toolchain/bin/../lib/gcc/avr/4.7.2/../../../../avr/lib/avr51\libm.a(fp_round.o)
[...]
Memory Configuration

Name             Origin             Length             Attributes
text             0x00000000         0x00020000         xr
data             0x00800100         0x0000ff00         rw !x
eeprom           0x00810000         0x00010000         rw !x
fuse             0x00820000         0x00000400         rw !x
lock             0x00830000         0x00000400         rw !x
signature        0x00840000         0x00000400         rw !x
user_signatures  0x00850000         0x00000400         rw !x
*default*        0x00000000         0xffffffff

Linker script and memory map

Address of section .data set to 0x800100
LOAD c:/program files (x86)/atmel/atmel toolchain/avr8 gcc/native/3.4.2.939/avr8-gnu-toolchain/bin/../lib/gcc/avr/4.7.2/../../../../avr/lib/avr51/crtm1284p.o
LOAD Application/btn_ctr.o
LOAD Application/CMD_Ctr.o
LOAD Application/data_rw.o
LOAD Application/event_handle.o
LOAD Application/json.o
LOAD Application/pgm_string.o
LOAD Application/schedule_execute.o
LOAD Application/UI.o
LOAD BUTTON/button.o
LOAD Cjson/cJSON.o
LOAD DHCP/dhcpc.o
LOAD ENC28J60/enc28j60.o
LOAD ENC28J60/spi.o
LOAD HC595N/exboard.o
LOAD HC595N/HC595N.o
LOAD LCD/LCD.o
LOAD main.o
LOAD MQTT-CLIENT/mqtt-client.o
LOAD MQTT-CLIENT/mqtt-data.o
LOAD MQTT-CLIENT/mqtt-packet.o
LOAD MQTT-CLIENT/mqtt-unpack.o
LOAD MQTT-CLIENT/transport.o
LOAD MQTT/MQTTConnectClient.o
LOAD MQTT/MQTTConnectServer.o
LOAD MQTT/MQTTDeserializePublish.o
LOAD MQTT/MQTTFormat.o
LOAD MQTT/MQTTPacket.o
LOAD MQTT/MQTTSerializePublish.o
LOAD MQTT/MQTTSubscribeClient.o
LOAD MQTT/MQTTSubscribeServer.o
LOAD MQTT/MQTTUnsubscribeClient.o
LOAD MQTT/MQTTUnsubscribeServer.o
LOAD RTC/IIC.o
LOAD RTC/RTC.o
LOAD UIP-CLIENT/uip-client.o
LOAD UIP-CLIENT/webclient-strings.o
LOAD UIP-CLIENT/webclient.o
LOAD UIP/resolv.o
LOAD UIP/tapdev.o
LOAD UIP/timer.o
LOAD UIP/uip.o
LOAD UIP/uiplib.o
LOAD UIP/uip_arp.o
LOAD USART0/rw_buffer.o
LOAD USART0/USART0.o
LOAD USART0/usart1.o
LOAD WIFI/wifi.o
LOAD WIFI/wifi_receive.o
START GROUP
LOAD c:/program files (x86)/atmel/atmel toolchain/avr8 gcc/native/3.4.2.939/avr8-gnu-toolchain/bin/../lib/gcc/avr/4.7.2/../../../../avr/lib/avr51\libm.a
END GROUP
LOAD c:/program files (x86)/atmel/atmel toolchain/avr8 gcc/native/3.4.2.939/avr8-gnu-toolchain/bin/../lib/gcc/avr/4.7.2/avr51\libgcc.a
LOAD c:/program files (x86)/atmel/atmel toolchain/avr8 gcc/native/3.4.2.939/avr8-gnu-toolchain/bin/../lib/gcc/avr/4.7.2/../../../../avr/lib/avr51\libc.a
LOAD c:/program files (x86)/atmel/atmel toolchain/avr8 gcc/native/3.4.2.939/avr8-gnu-toolchain/bin/../lib/gcc/avr/4.7.2/avr51\libgcc.a

.hash
 *(.hash)

.dynsym
 *(.dynsym)

.dynstr
 *(.dynstr)

.gnu.version
 *(.gnu.version)

.gnu.version_d
 *(.gnu.version_d)

.gnu.version_r
 *(.gnu.version_r)

.rel.init
 *(.rel.init)

.rela.init
 *(.rela.init)

.rel.text
 *(.rel.text)
 *(.rel.text.*)
 *(.rel.gnu.linkonce.t*)

.rela.text
 *(.rela.text)
 *(.rela.text.*)
 *(.rela.gnu.linkonce.t*)

.rel.fini
 *(.rel.fini)

.rela.fini
 *(.rela.fini)

.rel.rodata
 *(.rel.rodata)
 *(.rel.rodata.*)
 *(.rel.gnu.linkonce.r*)

.rela.rodata
 *(.rela.rodata)
 *(.rela.rodata.*)
 *(.rela.gnu.linkonce.r*)

.rel.data
 *(.rel.data)
 *(.rel.data.*)
 *(.rel.gnu.linkonce.d*)

.rela.data
 *(.rela.data)
 *(.rela.data.*)
 *(.rela.gnu.linkonce.d*)

.rel.ctors
 *(.rel.ctors)

.rela.ctors
 *(.rela.ctors)

.rel.dtors
 *(.rel.dtors)

.rela.dtors
 *(.rela.dtors)

.rel.got
 *(.rel.got)

.rela.got
 *(.rela.got)

.rel.bss
 *(.rel.bss)

.rela.bss
 *(.rela.bss)

.rel.plt
 *(.rel.plt)

.rela.plt
 *(.rela.plt)

.text           0x00000000    0x14360
 *(.vectors)
 .vectors       0x00000000       0x8c c:/program files (x86)/atmel/atmel toolchain/avr8 gcc/native/3.4.2.939/avr8-gnu-toolchain/bin/../lib/gcc/avr/4.7.2/../../../../avr/lib/avr51/crtm1284p.o
                0x00000000                __vector_default
                0x00000000                __vectors
 *(.vectors)
 *(.progmem.gcc*)
 .progmem.gcc_sw_table.UI_Display
                0x0000008c       0x36 Application/UI.o
 .progmem.gcc_fplib
                0x000000c2       0x28 c:/program files (x86)/atmel/atmel toolchain/avr8 gcc/native/3.4.2.939/avr8-gnu-toolchain/bin/../lib/gcc/avr/4.7.2/../../../../avr/lib/avr51\libm.a(exp.o)
 .progmem.gcc_fplib
                0x000000ea       0x5a c:/program files (x86)/atmel/atmel toolchain/avr8 gcc/native/3.4.2.939/avr8-gnu-toolchain/bin/../lib/gcc/avr/4.7.2/../../../../avr/lib/avr51\libm.a(log.o)
 *(.progmem*)
 .progmem.data.__c.2370
                0x00000144       0x24 Application/data_rw.o
 .progmem.data.__c.2372
                0x00000168        0xb Application/data_rw.o
 .progmem.data.__c.2374
                0x00000173        0x4 Application/data_rw.o
 .progmem.data.__c.2601
                0x00000177       0x10 Application/data_rw.o
 .progmem.data.__c.2755
                0x00000187        0x9 Application/data_rw.o
 .progmem.data.__c.2595
                0x00000190        0x6 Application/json.o
 .progmem.data.__c.2610
                0x00000196        0x3 Application/json.o
 .progmem.data.__c.2679
                0x00000199        0xb Application/json.o
 .progmem.data.__c.2684
                0x000001a4        0x8 Application/json.o
 .progmem.data.__c.2698
                0x000001ac        0xb Application/json.o
 .progmem.data.__c.2725
                0x000001b7        0x8 Application/json.o
 .progmem.data.__c.2760
                0x000001bf        0x3 Application/json.o
 .progmem.data.__c.2762
                0x000001c2        0x6 Application/json.o
 .progmem.data.__c.2821
                0x000001c8       0x2b Application/json.o
 .progmem.data.__c.2833
                0x000001f3        0x3 Application/json.o
 .progmem.data.__c.2840
                0x000001f6        0x3 Application/json.o
 .progmem.data.__c.2842
                0x000001f9        0x3 Application/json.o
 .progmem.data.__c.2844
                0x000001fc        0x3 Application/json.o
 .progmem.data.__c.2852
                0x000001ff        0x9 Application/json.o
 .progmem.data.__c.2854
                0x00000208        0x9 Application/json.o
 .progmem.data.__c.2860
                0x00000211        0x3 Application/json.o
 .progmem.data.__c.2863
                0x00000214        0x3 Application/json.o
 .progmem.data.__c.2868
                0x00000217        0x5 Application/json.o
 .progmem.data.__c.2873
                0x0000021c        0x8 Application/json.o
 .progmem.data.__c.2875
                0x00000224        0x3 Application/json.o
 .progmem.data.__c.2877
                0x00000227        0x3 Application/json.o
 .progmem.data.__c.2895
                0x0000022a        0x8 Application/json.o
 .progmem.data.__c.2897
                0x00000232        0x6 Application/json.o
 .progmem.data.__c.2903
                0x00000238        0x4 Application/json.o
 .progmem.data.__c.2905
                0x0000023c        0x6 Application/json.o
 .progmem.data.__c.2910
                0x00000242        0x6 Application/json.o
 .progmem.data.__c.2912
                0x00000248        0x7 Application/json.o
 .progmem.data.__c.2914
                0x0000024f        0x4 Application/json.o
 .progmem.data.__c.2916
                0x00000253        0x6 Application/json.o
 .progmem.data.__c.2925
                0x00000259        0x8 Application/json.o
 .progmem.data.__c.2927
                0x00000261        0x9 Application/json.o
 .progmem.data.__c.2929
                0x0000026a        0x5 Application/json.o
 .progmem.data.__c.2931
                0x0000026f        0xa Application/json.o
 .progmem.data.__c.2933
                0x00000279        0x7 Application/json.o
 .progmem.data.__c.2952
                0x00000280        0x9 Application/json.o
 .progmem.data.__c.2955
                0x00000289        0x3 Application/json.o
 .progmem.data.__c.2959
                0x0000028c        0x4 Application/json.o
 .progmem.data.__c.2962
                0x00000290        0x3 Application/json.o
 .progmem.data.__c.2965
                0x00000293        0x4 Application/json.o
 .progmem.data.__c.2968
                0x00000297        0x5 Application/json.o
 .progmem.data.__c.2971
                0x0000029c        0x3 Application/json.o
 .progmem.data.__c.2974
                0x0000029f        0x3 Application/json.o
 .progmem.data.__c.2977
                0x000002a2        0x3 Application/json.o
 .progmem.data.__c.2998
                0x000002a5       0x2b Application/json.o
 .progmem.data.__c.3000
                0x000002d0        0x5 Application/json.o
 .progmem.data.__c.3007
                0x000002d5        0x7 Application/json.o
 .progmem.data.__c.3014
                0x000002dc        0x6 Application/json.o
 .progmem.data.__c.3024
                0x000002e2        0x9 Application/json.o
 .progmem.data.__c.3026
                0x000002eb        0x4 Application/json.o
 .progmem.data.__c.3041
                0x000002ef        0x4 Application/json.o
 .progmem.data.__c.3110
                0x000002f3        0xc Application/json.o
 .progmem.data.__c.3113
                0x000002ff        0x8 Application/json.o
 .progmem.data.__c.3115
                0x00000307        0xd Application/json.o
 .progmem.data.__c.3117
                0x00000314        0x6 Application/json.o
 .progmem.data.__c.3119
                0x0000031a        0xd Application/json.o
 .progmem.data.__c.3121
                0x00000327        0xa Application/json.o
 .progmem.data.__c.3125
                0x00000331        0x6 Application/json.o
 .progmem.data.__c.3127
                0x00000337        0xc Application/json.o
 .progmem.data.__c.3130
                0x00000343        0x5 Application/json.o
 .progmem.data.__c.3132
                0x00000348        0xd Application/json.o
 .progmem.data.__c.3134
                0x00000355        0x7 Application/json.o
 .progmem.data.__c.3136
                0x0000035c        0x9 Application/json.o
 .progmem.data.__c.3138
                0x00000365        0x6 Application/json.o
 .progmem.data.__c.3140
                0x0000036b        0xd Application/json.o
 .progmem.data.__c.3142
                0x00000378        0x9 Application/json.o
 .progmem.data.__c.3146
                0x00000381        0xa Application/json.o
 .progmem.data.__c.3148
                0x0000038b       0x12 Application/json.o
 .progmem.data.__c.3151
                0x0000039d        0x9 Application/json.o
 .progmem.data.__c.3153
                0x000003a6        0x9 Application/json.o
 .progmem.data.__c.3155
                0x000003af       0x11 Application/json.o
 .progmem.data.__c.3157
                0x000003c0        0x6 Application/json.o
 .progmem.data.__c.3161
                0x000003c6        0x5 Application/json.o
 .progmem.data.__c.3163
                0x000003cb        0x3 Application/json.o
 .progmem.data.__c.3165
                0x000003ce        0x8 Application/json.o
 .progmem.data.__c.3167
                0x000003d6        0x5 Application/json.o
 .progmem.data.__c.3169
                0x000003db        0x6 Application/json.o
 .progmem.data.__c.3171
                0x000003e1        0xc Application/json.o
 .progmem.data.__c.3173
                0x000003ed        0x9 Application/json.o
 .progmem.data.__c.3175
                0x000003f6        0x5 Application/json.o
 .progmem.data.__c.3177
                0x000003fb        0x7 Application/json.o
 .progmem.data.__c.3181
                0x00000402        0x4 Application/json.o
 .progmem.data.__c.3183
                0x00000406        0xd Application/json.o
 .progmem.data.__c.3185
                0x00000413        0x5 Application/json.o
 .progmem.data.__c.3187
                0x00000418        0xc Application/json.o
 .progmem.data.__c.3059
                0x00000424        0x9 Application/json.o
 .progmem.data.__c.3061
                0x0000042d        0xa Application/json.o
 .progmem.data.__c.3063
                0x00000437        0xf Application/json.o
 .progmem.data.__c.3066
                0x00000446        0xc Application/json.o
 .progmem.data.__c.3069
                0x00000452        0xf Application/json.o
 .progmem.data.__c.3072
                0x00000461        0x4 Application/json.o
 .progmem.data.__c.3074
                0x00000465        0xa Application/json.o
 .progmem.data.__c.3076
                0x0000046f        0xc Application/json.o
 .progmem.data.__c.3078
                0x0000047b        0xa Application/json.o
 .progmem.data.__c.3080
                0x00000485        0xb Application/json.o
 .progmem.data.__c.3082
                0x00000490        0xe Application/json.o
 .progmem.data.__c.3084
                0x0000049e        0xb Application/json.o
 .progmem.data.__c.3086
                0x000004a9        0xc Application/json.o
 .progmem.data.__c.3088
                0x000004b5        0x8 Application/json.o
 .progmem.data.__c.3092
                0x000004bd        0x8 Application/json.o
 .progmem.data.__c.3094
                0x000004c5        0x8 Application/json.o
 .progmem.data.__c.3096
                0x000004cd        0xa Application/json.o
 .progmem.data.__c.3098
                0x000004d7        0xa Application/json.o
 .progmem.data.__c.2178
                0x000004e1        0xa Application/UI.o
 .progmem.data.__c.2180
                0x000004eb        0xa Application/UI.o
 .progmem.data.__c.2182
                0x000004f5        0xa Application/UI.o
 .progmem.data.__c.2184
                0x000004ff        0xa Application/UI.o
 .progmem.data.__c.2195
                0x00000509        0x9 Application/UI.o
 .progmem.data.__c.2197
                0x00000512        0x9 Application/UI.o
 .progmem.data.__c.2199
                0x0000051b        0x9 Application/UI.o
 .progmem.data.__c.2201
                0x00000524        0x9 Application/UI.o
 .progmem.data.__c.2208
                0x0000052d        0x4 Application/UI.o
 .progmem.data.__c.2212
                0x00000531        0x4 Application/UI.o
 .progmem.data.__c.2215
                0x00000535        0x4 Application/UI.o
 .progmem.data.__c.2218
                0x00000539        0x4 Application/UI.o
 .progmem.data.__c.2221
                0x0000053d        0x4 Application/UI.o
 .progmem.data.__c.2224
                0x00000541        0x5 Application/UI.o
 .progmem.data.__c.2227
                0x00000546        0x5 Application/UI.o
 .progmem.data.__c.2230
                0x0000054b        0x4 Application/UI.o
 .progmem.data.__c.2233
                0x0000054f        0x5 Application/UI.o
 .progmem.data.__c.2236
                0x00000554        0x4 Application/UI.o
 .progmem.data.__c.2239
                0x00000558        0x4 Application/UI.o
 .progmem.data.__c.2242
                0x0000055c        0x4 Application/UI.o
 .progmem.data.__c.2250
                0x00000560        0x4 Application/UI.o
 .progmem.data.__c.2254
                0x00000564        0x5 Application/UI.o
 .progmem.data.__c.2257
                0x00000569        0x4 Application/UI.o
 .progmem.data.__c.2260
                0x0000056d        0x5 Application/UI.o
 .progmem.data.__c.2263
                0x00000572        0x4 Application/UI.o
 .progmem.data.__c.2266
                0x00000576        0x4 Application/UI.o
 .progmem.data.__c.2269
                0x0000057a        0x4 Application/UI.o
 .progmem.data.__c.2280
                0x0000057e       0x14 Application/UI.o
 .progmem.data.__c.2295
                0x00000592        0x9 Application/UI.o
 .progmem.data.__c.2297
                0x0000059b       0x10 Application/UI.o
 .progmem.data.__c.2299
                0x000005ab       0x10 Application/UI.o
 .progmem.data.__c.2301
                0x000005bb        0xc Application/UI.o
 .progmem.data.__c.2316
                0x000005c7        0x9 Application/UI.o
 .progmem.data.__c.2318
                0x000005d0        0xe Application/UI.o
 .progmem.data.__c.2320
                0x000005de        0x6 Application/UI.o
 .progmem.data.__c.2322
                0x000005e4        0x6 Application/UI.o
 .progmem.data.__c.2327
                0x000005ea        0xd Application/UI.o
 .progmem.data.__c.2329
                0x000005f7        0xc Application/UI.o
 .progmem.data.__c.2331
                0x00000603        0x6 Application/UI.o
 .progmem.data.__c.2333
                0x00000609        0x6 Application/UI.o
 .progmem.data.__c.2349
                0x0000060f        0x3 Application/UI.o
 .progmem.data.__c.2351
                0x00000612        0x5 Application/UI.o
 .progmem.data.__c.2353
                0x00000617        0x4 Application/UI.o
 .progmem.data.__c.2355
                0x0000061b        0x3 Application/UI.o
 .progmem.data.__c.2357
                0x0000061e        0x4 Application/UI.o
 .progmem.data.__c.2362
                0x00000622        0x3 Application/UI.o
 .progmem.data.__c.2364
                0x00000625        0x3 Application/UI.o
 .progmem.data.__c.2369
                0x00000628        0x4 Application/UI.o
 .progmem.data.__c.2374
                0x0000062c        0x2 Application/UI.o
 .progmem.data.__c.2379
                0x0000062e        0xa Application/UI.o
 .progmem.data.__c.2381
                0x00000638        0xb Application/UI.o
 .progmem.data.__c.2387
                0x00000643        0xe Application/UI.o
 .progmem.data.__c.2392
                0x00000651       0x10 Application/UI.o
 .progmem.data.__c.2394
                0x00000661        0x5 Application/UI.o
 .progmem.data.__c.2399
                0x00000666       0x13 Application/UI.o
 .progmem.data.__c.2401
                0x00000679       0x13 Application/UI.o
 .progmem.data.__c.2407
                0x0000068c        0x6 Application/UI.o
 .progmem.data.__c.2409
                0x00000692        0x6 Application/UI.o
 .progmem.data.__c.2411
                0x00000698        0x6 Application/UI.o
 .progmem.data.__c.2413
                0x0000069e        0x6 Application/UI.o
 .progmem.data.__c.2418
                0x000006a4        0xf Application/UI.o
 .progmem.data.__c.2420
                0x000006b3        0x6 Application/UI.o
 .progmem.data.__c.2422
                0x000006b9        0x5 Application/UI.o
 .progmem.data.__c.2431
                0x000006be        0x8 Application/UI.o
 .progmem.data.__c.2433
                0x000006c6        0xd Application/UI.o
 .progmem.data.__c.2435
                0x000006d3        0xc Application/UI.o
 .progmem.data.__c.2437
                0x000006df       0x14 Application/UI.o
 .progmem.data.__c.2439
                0x000006f3        0xf Application/UI.o
 .progmem.data.__c.2441
                0x00000702        0x5 Application/UI.o
 .progmem.data.__c.2443
                0x00000707        0x6 Application/UI.o
 .progmem.data.__c.2448
                0x0000070d        0xd Application/UI.o
 .progmem.data.__c.2458
                0x0000071a        0x6 Application/UI.o
 .progmem.data.__c.2460
                0x00000720        0x2 Application/UI.o
 .progmem.data.__c.2462
                0x00000722        0x5 Application/UI.o
 .progmem.data.__c.2464
                0x00000727        0x4 Application/UI.o
 .progmem.data.__c.2469
                0x0000072b        0x2 Application/UI.o
 .progmem.data.__c.2471
                0x0000072d        0x5 Application/UI.o
 .progmem.data.__c.2473
                0x00000732        0x4 Application/UI.o
 .progmem.data.__c.2478
                0x00000736        0xe Application/UI.o
 .progmem.data.__c.2487
                0x00000744       0x14 Application/UI.o
 .progmem.data.__c.2489
                0x00000758        0x5 Application/UI.o
 .progmem.data.__c.2491
                0x0000075d        0x5 Application/UI.o
 .progmem.data.__c.2502
                0x00000762        0x2 Application/UI.o
 .progmem.data.__c.2504
                0x00000764       0x10 Application/UI.o
 .progmem.data.__c.2508
                0x00000774        0x7 Application/UI.o
 .progmem.data.__c.2510
                0x0000077b        0x5 Application/UI.o
 .progmem.data.__c.2512
                0x00000780        0x2 Application/UI.o
 .progmem.data.__c.2514
                0x00000782        0x8 Application/UI.o
 .progmem.data.__c.2517
                0x0000078a        0x4 Application/UI.o
 .progmem.data.__c.2519
                0x0000078e        0x2 Application/UI.o
 .progmem.data.__c.2521
                0x00000790        0xd Application/UI.o
 .progmem.data.__c.2524
                0x0000079d        0xc Application/UI.o
 .progmem.data.__c.2526
                0x000007a9        0x7 Application/UI.o
 .progmem.data.__c.2539
                0x000007b0        0x5 Application/UI.o
 .progmem.data.__c.2541
                0x000007b5        0x6 Application/UI.o
 .progmem.data.__c.2543
                0x000007bb        0x4 Application/UI.o
 .progmem.data.__c.2545
                0x000007bf        0x4 Application/UI.o
 .progmem.data.__c.2547
                0x000007c3        0x8 Application/UI.o
 .progmem.data.__c.2551
                0x000007cb        0x6 Application/UI.o
 .progmem.data.__c.2553
                0x000007d1        0x5 Application/UI.o
 .progmem.data.__c.2555
                0x000007d6        0x4 Application/UI.o
 .progmem.data.__c.2557
                0x000007da        0x4 Application/UI.o
 .progmem.data.__c.2559
                0x000007de        0x3 Application/UI.o
 .progmem.data.__c.2562
                0x000007e1        0xa Application/UI.o
 .progmem.data.__c.2564
                0x000007eb        0x4 Application/UI.o
 .progmem.data.__c.2566
                0x000007ef        0x4 Application/UI.o
 .progmem.data.__c.2568
                0x000007f3        0x8 Application/UI.o
 .progmem.data.__c.2571
                0x000007fb        0xa Application/UI.o
 .progmem.data.__c.2573
                0x00000805        0x4 Application/UI.o
 .progmem.data.__c.2575
                0x00000809        0x4 Application/UI.o
 .progmem.data.__c.2577
                0x0000080d        0x8 Application/UI.o
 .progmem.data.__c.2582
                0x00000815       0x15 Application/UI.o
 .progmem.data.__c.2584
                0x0000082a        0x5 Application/UI.o
 .progmem.data.__c.2586
                0x0000082f        0x3 Application/UI.o
 .progmem.data.__c.2591
                0x00000832       0x12 Application/UI.o
 .progmem.data.__c.2593
                0x00000844       0x12 Application/UI.o
 .progmem.data.__c.2595
                0x00000856       0x14 Application/UI.o
 .progmem.data.__c.2597
                0x0000086a        0x5 Application/UI.o
 .progmem.data.__c.2603
                0x0000086f       0x14 Application/UI.o
 .progmem.data.__c.2605
                0x00000883        0xc Application/UI.o
 .progmem.data.__c.2607
                0x0000088f       0x13 Application/UI.o
 .progmem.data.__c.2609
                0x000008a2        0x6 Application/UI.o
 .progmem.data.__c.2611
                0x000008a8        0x4 Application/UI.o
 .progmem.data.__c.2613
                0x000008ac       0x11 Application/UI.o
 .progmem.data.__c.2615
                0x000008bd       0x11 Application/UI.o
 .progmem.data.__c.2617
                0x000008ce        0x5 Application/UI.o
 .progmem.data.__c.2619
                0x000008d3        0x8 Application/UI.o
 .progmem.data.__c.2621
                0x000008db        0x5 Application/UI.o
 .progmem.data.__c.2631
                0x000008e0        0x4 Application/UI.o
 .progmem.data.__c.2633
                0x000008e4        0x3 Application/UI.o
 .progmem.data.__c.2635
                0x000008e7        0x2 Application/UI.o
 .progmem.data.__c.2637
                0x000008e9        0x2 Application/UI.o
 .progmem.data.__c.2639
                0x000008eb        0x3 Application/UI.o
 .progmem.data.__c.2657
                0x000008ee        0xe Application/UI.o
 .progmem.data.__c.2659
                0x000008fc        0x4 Application/UI.o
 .progmem.data.__c.2661
                0x00000900        0x5 Application/UI.o
 .progmem.data.__c.2663
                0x00000905        0x6 Application/UI.o
 .progmem.data.__c.2665
                0x0000090b        0x6 Application/UI.o
 .progmem.data.__c.2667
                0x00000911        0x5 Application/UI.o
 .progmem.data.__c.2677
                0x00000916        0x5 Application/UI.o
 .progmem.data.__c.2679
                0x0000091b        0x6 Application/UI.o
 .progmem.data.__c.2681
                0x00000921        0x5 Application/UI.o
 .progmem.data.__c.2685
                0x00000926        0x6 Application/UI.o
 .progmem.data.__c.2687
                0x0000092c        0x5 Application/UI.o
 .progmem.data.__c.2689
                0x00000931        0x5 Application/UI.o
 .progmem.data.__c.2692
                0x00000936        0xa Application/UI.o
 .progmem.data.__c.2694
                0x00000940        0x5 Application/UI.o
 .progmem.data.__c.2712
                0x00000945        0xa Application/UI.o
 .progmem.data.__c.2720
                0x0000094f        0xa Application/UI.o
 .progmem.data.__c.2722
                0x00000959        0x6 Application/UI.o
 .progmem.data.__c.2724
                0x0000095f        0xa Application/UI.o
 .progmem.data.__c.2726
                0x00000969        0x6 Application/UI.o
 .progmem.data.__c.2728
                0x0000096f        0xa Application/UI.o
 .progmem.data.__c.2730
                0x00000979        0x6 Application/UI.o
 .progmem.data.__c.2732
                0x0000097f        0xa Application/UI.o
 .progmem.data.__c.2734
                0x00000989        0x6 Application/UI.o
 .progmem.data.__c.2736
                0x0000098f        0xa Application/UI.o
 .progmem.data.__c.2738
                0x00000999        0x6 Application/UI.o
 .progmem.data.__c.2740
                0x0000099f        0xa Application/UI.o
 .progmem.data.__c.2742
                0x000009a9        0x6 Application/UI.o
 .progmem.data.__c.2744
                0x000009af        0xa Application/UI.o
 .progmem.data.__c.2746
                0x000009b9        0x6 Application/UI.o
 .progmem.data.__c.2748
                0x000009bf        0xa Application/UI.o
 .progmem.data.__c.2750
                0x000009c9        0x6 Application/UI.o
 .progmem.data.__c.2752
                0x000009cf        0xa Application/UI.o
 .progmem.data.__c.2754
                0x000009d9        0x6 Application/UI.o
 .progmem.data.__c.2756
                0x000009df        0xa Application/UI.o
 .progmem.data.__c.2758
                0x000009e9        0x6 Application/UI.o
 .progmem.data.__c.2760
                0x000009ef        0xa Application/UI.o
 .progmem.data.__c.2762
                0x000009f9        0x6 Application/UI.o
 .progmem.data.__c.2764
                0x000009ff        0xa Application/UI.o
 .progmem.data.__c.2766
                0x00000a09        0x6 Application/UI.o
 .progmem.data.__c.2768
                0x00000a0f        0x3 Application/UI.o
 .progmem.data.__c.2770
                0x00000a12        0x3 Application/UI.o
 .progmem.data.__c.2772
                0x00000a15        0x3 Application/UI.o
 .progmem.data.__c.2774
                0x00000a18        0x3 Application/UI.o
 .progmem.data.__c.2776
                0x00000a1b        0x5 Application/UI.o
 .progmem.data.__c.2778
                0x00000a20        0x5 Application/UI.o
 .progmem.data.__c.2783
                0x00000a25        0x5 Application/UI.o
 .progmem.data.__c.2785
                0x00000a2a        0x3 Application/UI.o
 .progmem.data.__c.2794
                0x00000a2d        0x2 Application/UI.o
 .progmem.data.__c.2802
                0x00000a2f        0xc Application/UI.o
 .progmem.data.__c.2804
                0x00000a3b        0x5 Application/UI.o
 .progmem.data.__c.2806
                0x00000a40        0x3 Application/UI.o
 .progmem.data.__c.2812
                0x00000a43        0xd Application/UI.o
 .progmem.data.__c.2814
                0x00000a50        0x8 Application/UI.o
 .progmem.data.__c.2816
                0x00000a58        0x9 Application/UI.o
 .progmem.data.__c.2818
                0x00000a61        0x5 Application/UI.o
 .progmem.data.__c.2820
                0x00000a66        0x3 Application/UI.o
 .progmem.data.__c.2829
                0x00000a69       0x16 Application/UI.o
 .progmem.data.__c.2831
                0x00000a7f       0x16 Application/UI.o
 .progmem.data.__c.2833
                0x00000a95        0x3 Application/UI.o
 .progmem.data.__c.2835
                0x00000a98        0x2 Application/UI.o
 .progmem.data.__c.2840
                0x00000a9a        0x3 Application/UI.o
 .progmem.data.__c.2842
                0x00000a9d        0x2 Application/UI.o
 .progmem.data.__c.2847
                0x00000a9f        0x3 Application/UI.o
 .progmem.data.__c.2852
                0x00000aa2        0x3 Application/UI.o
 .progmem.data.__c.2857
                0x00000aa5        0x9 Application/UI.o
 .progmem.data.__c.2859
                0x00000aae        0x5 Application/UI.o
 .progmem.data.__c.2861
                0x00000ab3        0x3 Application/UI.o
 .progmem.data.__c.2868
                0x00000ab6       0x11 Application/UI.o
 .progmem.data.__c.2870
                0x00000ac7        0xe Application/UI.o
 .progmem.data.__c.2872
                0x00000ad5        0x5 Application/UI.o
 .progmem.data.__c.2874
                0x00000ada        0x7 Application/UI.o
 .progmem.data.__c.2879
                0x00000ae1       0x12 Application/UI.o
 .progmem.data.__c.2881
                0x00000af3        0x7 Application/UI.o
 .progmem.data.__c.2883
                0x00000afa        0x4 Application/UI.o
 .progmem.data.__c.2888
                0x00000afe        0xf Application/UI.o
 .progmem.data.__c.2890
                0x00000b0d        0xb Application/UI.o
 .progmem.data.__c.2892
                0x00000b18        0x7 Application/UI.o
 .progmem.data.__c.2894
                0x00000b1f        0x5 Application/UI.o
 .progmem.data.__c.2899
                0x00000b24       0x11 Application/UI.o
 .progmem.data.__c.2901
                0x00000b35        0xe Application/UI.o
 .progmem.data.__c.2903
                0x00000b43        0xa Application/UI.o
 .progmem.data.__c.2905
                0x00000b4d        0x7 Application/UI.o
 .progmem.data.__c.2907
                0x00000b54        0x5 Application/UI.o
 .progmem.data.__c.2912
                0x00000b59       0x12 Application/UI.o
 .progmem.data.__c.2914
                0x00000b6b        0x5 Application/UI.o
 .progmem.data.__c.2919
                0x00000b70       0x11 Application/UI.o
 .progmem.data.__c.2921
                0x00000b81        0xf Application/UI.o
 .progmem.data.__c.2923
                0x00000b90        0x7 Application/UI.o
 .progmem.data.__c.2925
                0x00000b97        0x3 Application/UI.o
 .progmem.data.__c.2930
                0x00000b9a       0x11 Application/UI.o
 .progmem.data.__c.2932
                0x00000bab        0x7 Application/UI.o
 .progmem.data.__c.2934
                0x00000bb2        0x6 Application/UI.o
 .progmem.data.__c.2939
                0x00000bb8       0x11 Application/UI.o
 .progmem.data.__c.2941
                0x00000bc9        0x7 Application/UI.o
 .progmem.data.__c.2943
                0x00000bd0        0x5 Application/UI.o
 .progmem.data.char916_null
                0x00000bd5       0x12 LCD/LCD.o
                0x00000bd5                char916_null
 .progmem.data.sign916_colon
                0x00000be7       0x12 LCD/LCD.o
                0x00000be7                sign916_colon
 .progmem.data.char916_S
                0x00000bf9       0x12 LCD/LCD.o
                0x00000bf9                char916_S
 .progmem.data.char916_O
                0x00000c0b       0x12 LCD/LCD.o
                0x00000c0b                char916_O
 .progmem.data.char916_F
                0x00000c1d       0x12 LCD/LCD.o
                0x00000c1d                char916_F
 .progmem.data.char916_P
                0x00000c2f       0x12 LCD/LCD.o
                0x00000c2f                char916_P
 .progmem.data.char916_A
                0x00000c41       0x12 LCD/LCD.o
                0x00000c41                char916_A
 .progmem.data.char916_u
                0x00000c53       0x12 LCD/LCD.o
                0x00000c53                char916_u
 .progmem.data.char916_t
                0x00000c65       0x12 LCD/LCD.o
                0x00000c65                char916_t
 .progmem.data.char916_s
                0x00000c77       0x12 LCD/LCD.o
                0x00000c77                char916_s
 .progmem.data.char916_r
                0x00000c89       0x12 LCD/LCD.o
                0x00000c89                char916_r
 .progmem.data.char916_p
                0x00000c9b       0x12 LCD/LCD.o
                0x00000c9b                char916_p
 .progmem.data.char916_n
                0x00000cad       0x12 LCD/LCD.o
                0x00000cad                char916_n
 .progmem.data.char916_m
                0x00000cbf       0x12 LCD/LCD.o
                0x00000cbf                char916_m
 .progmem.data.char916_l
                0x00000cd1       0x12 LCD/LCD.o
                0x00000cd1                char916_l
 .progmem.data.char916_e
                0x00000ce3       0x12 LCD/LCD.o
                0x00000ce3                char916_e
 .progmem.data.char916_c
                0x00000cf5       0x12 LCD/LCD.o
                0x00000cf5                char916_c
 .progmem.data.char916_a
                0x00000d07       0x12 LCD/LCD.o
                0x00000d07                char916_a
 .progmem.data.num916_0
                0x00000d19       0x12 LCD/LCD.o
                0x00000d19                num916_0
 .progmem.data.num916_9
                0x00000d2b       0x12 LCD/LCD.o
                0x00000d2b                num916_9
 .progmem.data.num916_8
                0x00000d3d       0x12 LCD/LCD.o
                0x00000d3d                num916_8
 .progmem.data.num916_7
                0x00000d4f       0x12 LCD/LCD.o
                0x00000d4f                num916_7
 .progmem.data.num916_6
                0x00000d61       0x12 LCD/LCD.o
                0x00000d61                num916_6
 .progmem.data.num916_5
                0x00000d73       0x12 LCD/LCD.o
                0x00000d73                num916_5
 .progmem.data.num916_4
                0x00000d85       0x12 LCD/LCD.o
                0x00000d85                num916_4
 .progmem.data.num916_3
                0x00000d97       0x12 LCD/LCD.o
                0x00000d97                num916_3
 .progmem.data.num916_2
                0x00000da9       0x12 LCD/LCD.o
                0x00000da9                num916_2
 .progmem.data.num916_1
                0x00000dbb       0x12 LCD/LCD.o
                0x00000dbb                num916_1
 .progmem.data.char_null
                0x00000dcd        0x6 LCD/LCD.o
                0x00000dcd                char_null
 .progmem.data.sign_slash
                0x00000dd3        0x5 LCD/LCD.o
                0x00000dd3                sign_slash
 .progmem.data.sign_small_arrow
                0x00000dd8        0x5 LCD/LCD.o
                0x00000dd8                sign_small_arrow
 .progmem.data.sign_comma
                0x00000ddd        0x5 LCD/LCD.o
                0x00000ddd                sign_comma
 .progmem.data.sign_temp_F
                0x00000de2        0x5 LCD/LCD.o
                0x00000de2                sign_temp_F
 .progmem.data.sign_temp_C
                0x00000de7        0x6 LCD/LCD.o
                0x00000de7                sign_temp_C
 .progmem.data.sign_uper_arrow
                0x00000ded        0x6 LCD/LCD.o
                0x00000ded                sign_uper_arrow
 .progmem.data.sign_disnet
                0x00000df3        0x5 LCD/LCD.o
                0x00000df3                sign_disnet
 .progmem.data.sign_net
                0x00000df8        0x5 LCD/LCD.o
                0x00000df8                sign_net
 .progmem.data.sign_plus
                0x00000dfd        0x6 LCD/LCD.o
                0x00000dfd                sign_plus
 .progmem.data.sign_arrow
                0x00000e03        0x6 LCD/LCD.o
                0x00000e03                sign_arrow
 .progmem.data.sign_percent
                0x00000e09        0x6 LCD/LCD.o
                0x00000e09                sign_percent
 .progmem.data.sign_brackets_right
                0x00000e0f        0x5 LCD/LCD.o
                0x00000e0f                sign_brackets_right
 .progmem.data.sign_brackets_left
                0x00000e14        0x5 LCD/LCD.o
                0x00000e14                sign_brackets_left
 .progmem.data.sign_vertical
                0x00000e19        0x5 LCD/LCD.o
                0x00000e19                sign_vertical
 .progmem.data.sign_ques
                0x00000e1e        0x5 LCD/LCD.o
                0x00000e1e                sign_ques
 .progmem.data.sign_and
                0x00000e23        0x5 LCD/LCD.o
                0x00000e23                sign_and
 .progmem.data.sign_excl
                0x00000e28        0x5 LCD/LCD.o
                0x00000e28                sign_excl
 .progmem.data.sign_point
                0x00000e2d        0x5 LCD/LCD.o
                0x00000e2d                sign_point
 .progmem.data.sign_colon2
                0x00000e32        0x5 LCD/LCD.o
                0x00000e32                sign_colon2
 .progmem.data.sign_colon
                0x00000e37        0x5 LCD/LCD.o
                0x00000e37                sign_colon
 .progmem.data.sign_line
                0x00000e3c        0x5 LCD/LCD.o
                0x00000e3c                sign_line
 .progmem.data.num_9
                0x00000e41        0x5 LCD/LCD.o
                0x00000e41                num_9
 .progmem.data.num_8
                0x00000e46        0x5 LCD/LCD.o
                0x00000e46                num_8
 .progmem.data.num_7
                0x00000e4b        0x5 LCD/LCD.o
                0x00000e4b                num_7
 .progmem.data.num_6
                0x00000e50        0x5 LCD/LCD.o
                0x00000e50                num_6
 .progmem.data.num_5
                0x00000e55        0x5 LCD/LCD.o
                0x00000e55                num_5
 .progmem.data.num_4
                0x00000e5a        0x5 LCD/LCD.o
                0x00000e5a                num_4
 .progmem.data.num_3
                0x00000e5f        0x5 LCD/LCD.o
                0x00000e5f                num_3
 .progmem.data.num_2
                0x00000e64        0x5 LCD/LCD.o
                0x00000e64                num_2
 .progmem.data.num_1
                0x00000e69        0x5 LCD/LCD.o
                0x00000e69                num_1
 .progmem.data.num_0
                0x00000e6e        0x5 LCD/LCD.o
                0x00000e6e                num_0
 .progmem.data.char_Z
                0x00000e73        0x5 LCD/LCD.o
                0x00000e73                char_Z
 .progmem.data.char_Y
                0x00000e78        0x5 LCD/LCD.o
                0x00000e78                char_Y
 .progmem.data.char_X
                0x00000e7d        0x5 LCD/LCD.o
                0x00000e7d                char_X
 .progmem.data.char_W
                0x00000e82        0x5 LCD/LCD.o
                0x00000e82                char_W
 .progmem.data.char_V
                0x00000e87        0x5 LCD/LCD.o
                0x00000e87                char_V
 .progmem.data.char_U
                0x00000e8c        0x5 LCD/LCD.o
                0x00000e8c                char_U
 .progmem.data.char_T
                0x00000e91        0x5 LCD/LCD.o
                0x00000e91                char_T
 .progmem.data.char_S
                0x00000e96        0x5 LCD/LCD.o
                0x00000e96                char_S
 .progmem.data.char_R
                0x00000e9b        0x5 LCD/LCD.o
                0x00000e9b                char_R
 .progmem.data.char_Q
                0x00000ea0        0x5 LCD/LCD.o
                0x00000ea0                char_Q
 .progmem.data.char_P
                0x00000ea5        0x5 LCD/LCD.o
                0x00000ea5                char_P
 .progmem.data.char_O
                0x00000eaa        0x5 LCD/LCD.o
                0x00000eaa                char_O
 .progmem.data.char_N
                0x00000eaf        0x5 LCD/LCD.o
                0x00000eaf                char_N
 .progmem.data.char_M
                0x00000eb4        0x5 LCD/LCD.o
                0x00000eb4                char_M
 .progmem.data.char_L
                0x00000eb9        0x5 LCD/LCD.o
                0x00000eb9                char_L
 .progmem.data.char_K
                0x00000ebe        0x5 LCD/LCD.o
                0x00000ebe                char_K
 .progmem.data.char_J
                0x00000ec3        0x5 LCD/LCD.o
                0x00000ec3                char_J
 .progmem.data.char_I
                0x00000ec8        0x5 LCD/LCD.o
                0x00000ec8                char_I
 .progmem.data.char_H
                0x00000ecd        0x5 LCD/LCD.o
                0x00000ecd                char_H
 .progmem.data.char_G
                0x00000ed2        0x5 LCD/LCD.o
                0x00000ed2                char_G
 .progmem.data.char_F
                0x00000ed7        0x5 LCD/LCD.o
                0x00000ed7                char_F
 .progmem.data.char_E
                0x00000edc        0x5 LCD/LCD.o
                0x00000edc                char_E
 .progmem.data.char_D
                0x00000ee1        0x5 LCD/LCD.o
                0x00000ee1                char_D
 .progmem.data.char_C
                0x00000ee6        0x5 LCD/LCD.o
                0x00000ee6                char_C
 .progmem.data.char_B
                0x00000eeb        0x5 LCD/LCD.o
                0x00000eeb                char_B
 .progmem.data.char_A
                0x00000ef0        0x5 LCD/LCD.o
                0x00000ef0                char_A
 .progmem.data.char_z
                0x00000ef5        0x5 LCD/LCD.o
                0x00000ef5                char_z
 .progmem.data.char_y
                0x00000efa        0x5 LCD/LCD.o
                0x00000efa                char_y
 .progmem.data.char_x
                0x00000eff        0x5 LCD/LCD.o
                0x00000eff                char_x
 .progmem.data.char_w
                0x00000f04        0x5 LCD/LCD.o
                0x00000f04                char_w
 .progmem.data.char_v
                0x00000f09        0x5 LCD/LCD.o
                0x00000f09                char_v
 .progmem.data.char_u
                0x00000f0e        0x5 LCD/LCD.o
                0x00000f0e                char_u
 .progmem.data.char_t
                0x00000f13        0x5 LCD/LCD.o
                0x00000f13                char_t
 .progmem.data.char_s
                0x00000f18        0x5 LCD/LCD.o
                0x00000f18                char_s
 .progmem.data.char_r
                0x00000f1d        0x5 LCD/LCD.o
                0x00000f1d                char_r
 .progmem.data.char_q
                0x00000f22        0x5 LCD/LCD.o
                0x00000f22                char_q
 .progmem.data.char_p
                0x00000f27        0x5 LCD/LCD.o
                0x00000f27                char_p
 .progmem.data.char_o
                0x00000f2c        0x5 LCD/LCD.o
                0x00000f2c                char_o
 .progmem.data.char_n
                0x00000f31        0x5 LCD/LCD.o
                0x00000f31                char_n
 .progmem.data.char_m
                0x00000f36        0x5 LCD/LCD.o
                0x00000f36                char_m
 .progmem.data.char_l
                0x00000f3b        0x5 LCD/LCD.o
                0x00000f3b                char_l
 .progmem.data.char_k
                0x00000f40        0x5 LCD/LCD.o
                0x00000f40                char_k
 .progmem.data.char_j
                0x00000f45        0x5 LCD/LCD.o
                0x00000f45                char_j
 .progmem.data.char_i
                0x00000f4a        0x5 LCD/LCD.o
                0x00000f4a                char_i
 .progmem.data.char_h
                0x00000f4f        0x5 LCD/LCD.o
                0x00000f4f                char_h
 .progmem.data.char_g
                0x00000f54        0x5 LCD/LCD.o
                0x00000f54                char_g
 .progmem.data.char_f
                0x00000f59        0x5 LCD/LCD.o
                0x00000f59                char_f
 .progmem.data.char_e
                0x00000f5e        0x5 LCD/LCD.o
                0x00000f5e                char_e
 .progmem.data.char_d
                0x00000f63        0x5 LCD/LCD.o
                0x00000f63                char_d
 .progmem.data.char_c
                0x00000f68        0x5 LCD/LCD.o
                0x00000f68                char_c
 .progmem.data.char_b
                0x00000f6d        0x5 LCD/LCD.o
                0x00000f6d                char_b
 .progmem.data.char_a
                0x00000f72        0x5 LCD/LCD.o
                0x00000f72                char_a
 .progmem.data.__c.3252
                0x00000f77        0x2 main.o
 .progmem.data.__c.2188
                0x00000f79        0x4 WIFI/wifi.o
 .progmem.data.__c.2190
                0x00000f7d        0x4 WIFI/wifi.o
 .progmem.data.__c.2199
                0x00000f81        0x4 WIFI/wifi.o
 .progmem.data.__c.2201
                0x00000f85        0x2 WIFI/wifi.o
 .progmem.data.__c.2208
                0x00000f87        0xd WIFI/wifi.o
 .progmem.data.__c.2216
                0x00000f94       0x11 WIFI/wifi.o
 .progmem.data.__c.2218
                0x00000fa5       0x11 WIFI/wifi.o
 .progmem.data.__c.2220
                0x00000fb6        0xb WIFI/wifi.o
 .progmem.data.__c.2222
                0x00000fc1        0xd WIFI/wifi.o
 .progmem.data.__c.2224
                0x00000fce       0x12 WIFI/wifi.o
 .progmem.data.__c.2239
                0x00000fe0       0x1a WIFI/wifi.o
 .progmem.data.__c.2241
                0x00000ffa        0xa WIFI/wifi.o
 .progmem.data.__c.2250
                0x00001004        0xa WIFI/wifi.o
 .progmem.data.__c.2259
                0x0000100e        0x6 WIFI/wifi.o
 .progmem.data.__c.2261
                0x00001014        0x6 WIFI/wifi.o
 .progmem.data.__c.2263
                0x0000101a        0x6 WIFI/wifi.o
 .progmem.data.__c.2265
                0x00001020        0x5 WIFI/wifi.o
 .progmem.data.__c.2267
                0x00001025        0x6 WIFI/wifi.o
 .progmem.data.__c.2464
                0x0000102b        0x4 WIFI/wifi_receive.o
 .progmem.data.__c.2483
                0x0000102f        0x4 WIFI/wifi_receive.o
 .progmem.data  0x00001033        0xc c:/program files (x86)/atmel/atmel toolchain/avr8 gcc/native/3.4.2.939/avr8-gnu-toolchain/bin/../lib/gcc/avr/4.7.2/../../../../avr/lib/avr51\libc.a(vfscanf_std.o)
                0x00001040                . = ALIGN (0x2)
 *fill*         0x0000103f        0x1 
                0x00001040                __trampolines_start = .
 *(.trampolines)
 .trampolines   0x00001040        0x0 linker stubs
 *(.trampolines*)
                0x00001040                __trampolines_end = .
 *(.jumptables)
 *(.jumptables*)
 *(.lowtext)
 *(.lowtext*)
                0x00001040                __ctors_start = .
 *(.ctors)
                0x00001040                __ctors_end = .
                0x00001040                __dtors_start = .
 *(.dtors)
                0x00001040                __dtors_end = .
 SORT(*)(.ctors)
 SORT(*)(.dtors)
 *(.init0)
 .init0         0x00001040        0x0 c:/program files (x86)/atmel/atmel toolchain/avr8 gcc/native/3.4.2.939/avr8-gnu-toolchain/bin/../lib/gcc/avr/4.7.2/../../../../avr/lib/avr51/crtm1284p.o
                0x00001040                __init
 *(.init0)
 *(.init1)
 *(.init1)
 *(.init2)
 .init2         0x00001040        0xc c:/program files (x86)/atmel/atmel toolchain/avr8 gcc/native/3.4.2.939/avr8-gnu-toolchain/bin/../lib/gcc/avr/4.7.2/../../../../avr/lib/avr51/crtm1284p.o
 *(.init2)
 *(.init3)
 *(.init3)
 *(.init4)
 .init4         0x0000104c       0x1a c:/program files (x86)/atmel/atmel toolchain/avr8 gcc/native/3.4.2.939/avr8-gnu-toolchain/bin/../lib/gcc/avr/4.7.2/avr51\libgcc.a(_copy_data.o)
                0x0000104c                __do_copy_data
 .init4         0x00001066       0x10 c:/program files (x86)/atmel/atmel toolchain/avr8 gcc/native/3.4.2.939/avr8-gnu-toolchain/bin/../lib/gcc/avr/4.7.2/avr51\libgcc.a(_clear_bss.o)
                0x00001066                __do_clear_bss
 *(.init4)
 *(.init5)
 *(.init5)
 *(.init6)
 *(.init6)
 *(.init7)
 *(.init7)
 *(.init8)
 *(.init8)
 *(.init9)
 .init9         0x00001076        0x8 c:/program files (x86)/atmel/atmel toolchain/avr8 gcc/native/3.4.2.939/avr8-gnu-toolchain/bin/../lib/gcc/avr/4.7.2/../../../../avr/lib/avr51/crtm1284p.o
 *(.init9)
 *(.text)
 .text          0x0000107e        0x4 c:/program files (x86)/atmel/atmel toolchain/avr8 gcc/native/3.4.2.939/avr8-gnu-toolchain/bin/../lib/gcc/avr/4.7.2/../../../../avr/lib/avr51/crtm1284p.o
                0x0000107e                __vector_22
                0x0000107e                __vector_1
                0x0000107e                __vector_32
                0x0000107e                __vector_34
                0x0000107e                __vector_24
                0x0000107e                __vector_12
                0x0000107e                __bad_interrupt
                0x0000107e                __vector_31
                0x0000107e                __vector_3
                0x0000107e                __vector_23
                0x0000107e                __vector_30
                0x0000107e                __vector_25
                0x0000107e                __vector_11
                0x0000107e                __vector_17
                0x0000107e                __vector_19
                0x0000107e                __vector_27
                0x0000107e                __vector_33
                0x0000107e                __vector_9
                0x0000107e                __vector_2
                0x0000107e                __vector_21
                0x0000107e                __vector_15
                0x0000107e                __vector_29
                0x0000107e                __vector_8
                0x0000107e                __vector_26
                0x0000107e                __vector_10
                0x0000107e                __vector_16
                0x0000107e                __vector_18
                0x00001082                . = ALIGN (0x2)
 *(.text.*)
 .text.auto_mode_ctr
                0x00001082       0x1c Application/btn_ctr.o
                0x00001082                auto_mode_ctr
 .text.get_max_time
                0x0000109e       0x22 Application/btn_ctr.o
                0x0000109e                get_max_time
 .text.manu_water_ctr
                0x000010c0      0x2c4 Application/btn_ctr.o
                0x000010c0                manu_water_ctr
 .text.new_sch_init
                0x00001384       0x52 Application/btn_ctr.o
                0x00001384                new_sch_init
 .text.SchMainCtr
                0x000013d6       0x10 Application/btn_ctr.o
                0x000013d6                SchMainCtr
 .text.SchSelValveCtr
                0x000013e6      0x218 Application/btn_ctr.o
                0x000013e6                SchSelValveCtr
 .text.sch_to_tmr
                0x000015fe       0x62 Application/btn_ctr.o
                0x000015fe                sch_to_tmr
 .text.tmr_to_sch
                0x00001660       0x60 Application/btn_ctr.o
                0x00001660                tmr_to_sch
 .text.sch_timer_plus
                0x000016c0       0xa0 Application/btn_ctr.o
                0x000016c0                sch_timer_plus
 .text.sch_timer_sub
                0x00001760       0xbc Application/btn_ctr.o
                0x00001760                sch_timer_sub
 .text.SchSetTimerCtr
                0x0000181c       0xa6 Application/btn_ctr.o
                0x0000181c                SchSetTimerCtr
 .text.SchSetWeeksCtr
                0x000018c2      0x104 Application/btn_ctr.o
                0x000018c2                SchSetWeeksCtr
 .text.SchSetDaysCtr
                0x000019c6      0x154 Application/btn_ctr.o
                0x000019c6                SchSetDaysCtr
 .text.SchSelModeCtr
                0x00001b1a       0x58 Application/btn_ctr.o
                0x00001b1a                SchSelModeCtr
 .text.SchDelCtr
                0x00001b72       0x2c Application/btn_ctr.o
                0x00001b72                SchDelCtr
 .text.SchPlsSetTimeCtr
                0x00001b9e       0x1a Application/btn_ctr.o
                0x00001b9e                SchPlsSetTimeCtr
 .text.SchPlsSetWeekCtr
                0x00001bb8       0x2a Application/btn_ctr.o
                0x00001bb8                SchPlsSetWeekCtr
 .text.SchNoPlanCtr
                0x00001be2       0x10 Application/btn_ctr.o
                0x00001be2                SchNoPlanCtr
 .text.SchConfirmCover
                0x00001bf2       0x9e Application/btn_ctr.o
                0x00001bf2                SchConfirmCover
 .text.SchSprayLimitCtr
                0x00001c90       0x1a Application/btn_ctr.o
                0x00001c90                SchSprayLimitCtr
 .text.schedule_ctr
                0x00001caa       0x62 Application/btn_ctr.o
                0x00001caa                schedule_ctr
 .text.show_success_init
                0x00001d0c        0xc Application/btn_ctr.o
                0x00001d0c                show_success_init
 .text.set_rain_delay_temp
                0x00001d18       0x12 Application/btn_ctr.o
                0x00001d18                set_rain_delay_temp
 .text.set_rain_delay
                0x00001d2a       0x24 Application/btn_ctr.o
                0x00001d2a                set_rain_delay
 .text.rain_delay_sub
                0x00001d4e       0x7e Application/btn_ctr.o
                0x00001d4e                rain_delay_sub
 .text.rain_delay_plus
                0x00001dcc       0x78 Application/btn_ctr.o
                0x00001dcc                rain_delay_plus
 .text.rain_delay_ctr
                0x00001e44       0x7a Application/btn_ctr.o
                0x00001e44                rain_delay_ctr
 .text.SetupDateTimePlus
                0x00001ebe       0xa0 Application/btn_ctr.o
                0x00001ebe                SetupDateTimePlus
 .text.SetupDateTimeSub
                0x00001f5e       0xa4 Application/btn_ctr.o
                0x00001f5e                SetupDateTimeSub
 .text.SetupDateTimeCtr
                0x00002002      0x10e Application/btn_ctr.o
                0x00002002                SetupDateTimeCtr
 .text.ConfigSelectCtr
                0x00002110       0x6a Application/btn_ctr.o
                0x00002110                ConfigSelectCtr
 .text.WifiAccesCtr
                0x0000217a       0x10 Application/btn_ctr.o
                0x0000217a                WifiAccesCtr
 .text.RegSmartDeveCtr
                0x0000218a       0x10 Application/btn_ctr.o
                0x0000218a                RegSmartDeveCtr
 .text.MasterConfigCtr
                0x0000219a       0x32 Application/btn_ctr.o
                0x0000219a                MasterConfigCtr
 .text.config_ctr
                0x000021cc       0x30 Application/btn_ctr.o
                0x000021cc                config_ctr
 .text.off_mode_ctr
                0x000021fc       0x1e Application/btn_ctr.o
                0x000021fc                off_mode_ctr
 .text.get_adjust_days
                0x0000221a       0x18 Application/btn_ctr.o
                0x0000221a                get_adjust_days
 .text.weather_adjust_init
                0x00002232       0x22 Application/btn_ctr.o
                0x00002232                weather_adjust_init
 .text.set_adjust_mode
                0x00002254       0x22 Application/btn_ctr.o
                0x00002254                set_adjust_mode
 .text.weather_adjust_ctr
                0x00002276      0x110 Application/btn_ctr.o
                0x00002276                weather_adjust_ctr
 .text.btn_ctr  0x00002386       0x56 Application/btn_ctr.o
                0x00002386                btn_ctr
 .text.user_band_cmd
                0x000023dc       0x58 Application/CMD_Ctr.o
                0x000023dc                user_band_cmd
 .text.auto_cmd
                0x00002434      0x140 Application/CMD_Ctr.o
                0x00002434                auto_cmd
 .text.cmd_ctr  0x00002574        0xc Application/CMD_Ctr.o
                0x00002574                cmd_ctr
 .text.set_mac_flag
                0x00002580        0xe Application/data_rw.o
                0x00002580                set_mac_flag
 .text.read_spray_time_limit
                0x0000258e       0x2c Application/data_rw.o
                0x0000258e                read_spray_time_limit
 .text.save_spray_time_limit
                0x000025ba       0x14 Application/data_rw.o
                0x000025ba                save_spray_time_limit
 .text.get_devcode
                0x000025ce       0x16 Application/data_rw.o
                0x000025ce                get_devcode
 .text.get_serialcode
                0x000025e4      0x12a Application/data_rw.o
                0x000025e4                get_serialcode
 .text.read_code
                0x0000270e       0x1e Application/data_rw.o
                0x0000270e                read_code
 .text.devparam_init
                0x0000272c       0x14 Application/data_rw.o
                0x0000272c                devparam_init
 .text.save_devparam
                0x00002740       0x14 Application/data_rw.o
                0x00002740                save_devparam
 .text.read_devparam
                0x00002754       0x26 Application/data_rw.o
                0x00002754                read_devparam
 .text.get_water_used
                0x0000277a       0x2e Application/data_rw.o
                0x0000277a                get_water_used
 .text.save_raindelay
                0x000027a8       0x14 Application/data_rw.o
                0x000027a8                save_raindelay
 .text.read_raindelay
                0x000027bc       0xa8 Application/data_rw.o
                0x000027bc                read_raindelay
 .text.add_epschedule
                0x00002864       0xfe Application/data_rw.o
                0x00002864                add_epschedule
 .text.updata_epschedule
                0x00002962       0xe2 Application/data_rw.o
                0x00002962                updata_epschedule
 .text.insert_epschedule
                0x00002a44       0x50 Application/data_rw.o
                0x00002a44                insert_epschedule
 .text.delete_epschedule
                0x00002a94      0x124 Application/data_rw.o
                0x00002a94                delete_epschedule
 .text.read_epschedule
                0x00002bb8       0xf2 Application/data_rw.o
                0x00002bb8                read_epschedule
 .text.reset_epschedule
                0x00002caa       0x14 Application/data_rw.o
                0x00002caa                reset_epschedule
 .text.save_band_status
                0x00002cbe        0xe Application/data_rw.o
                0x00002cbe                save_band_status
 .text.reset_band_status
                0x00002ccc        0xe Application/data_rw.o
                0x00002ccc                reset_band_status
 .text.read_band_status
                0x00002cda       0x1c Application/data_rw.o
                0x00002cda                read_band_status
 .text.save_manuwater_set
                0x00002cf6       0x14 Application/data_rw.o
                0x00002cf6                save_manuwater_set
 .text.read_manuwater_set
                0x00002d0a       0x34 Application/data_rw.o
                0x00002d0a                read_manuwater_set
 .text.save_finetune
                0x00002d3e       0x70 Application/data_rw.o
                0x00002d3e                save_finetune
 .text.finetune_init
                0x00002dae       0x60 Application/data_rw.o
                0x00002dae                finetune_init
 .text.read_finetune
                0x00002e0e       0x24 Application/data_rw.o
                0x00002e0e                read_finetune
 .text.set_del_zone
                0x00002e32       0xd6 Application/data_rw.o
                0x00002e32                set_del_zone
 .text.reset_del_zone
                0x00002f08       0xa6 Application/data_rw.o
                0x00002f08                reset_del_zone
 .text.get_del_zone
                0x00002fae       0x98 Application/data_rw.o
                0x00002fae                get_del_zone
 .text.recovery_system
                0x00003046       0xb6 Application/data_rw.o
                0x00003046                recovery_system
 .text.eeprom_write_water_used
                0x000030fc       0xc6 Application/data_rw.o
                0x000030fc                eeprom_write_water_used
 .text.eeprom_read_water_used
                0x000031c2       0xde Application/data_rw.o
                0x000031c2                eeprom_read_water_used
 .text.save_all_water_used
                0x000032a0       0x66 Application/data_rw.o
                0x000032a0                save_all_water_used
 .text.save_mac
                0x00003306       0x14 Application/data_rw.o
                0x00003306                save_mac
 .text.mac_justice
                0x0000331a       0x16 Application/data_rw.o
                0x0000331a                mac_justice
 .text.get_mac_flag
                0x00003330       0x12 Application/data_rw.o
                0x00003330                get_mac_flag
 .text.get_mac  0x00003342       0xa4 Application/data_rw.o
                0x00003342                get_mac
 .text.set_backlight_flag
                0x000033e6        0xe Application/data_rw.o
                0x000033e6                set_backlight_flag
 .text.get_backlight_flag
                0x000033f4       0x14 Application/data_rw.o
                0x000033f4                get_backlight_flag
 .text.set_timemode_flag
                0x00003408        0xe Application/data_rw.o
                0x00003408                set_timemode_flag
 .text.get_timemode_flag
                0x00003416       0x24 Application/data_rw.o
                0x00003416                get_timemode_flag
 .text.get_version_id
                0x0000343a        0xa Application/data_rw.o
                0x0000343a                get_version_id
 .text.get_vesion_str
                0x00003444       0x64 Application/data_rw.o
                0x00003444                get_vesion_str
 .text.eep_save_spray
                0x000034a8      0x110 Application/data_rw.o
                0x000034a8                eep_save_spray
 .text.eep_read_spray
                0x000035b8       0xe4 Application/data_rw.o
                0x000035b8                eep_read_spray
 .text.save_spray_link
                0x0000369c      0x120 Application/data_rw.o
                0x0000369c                save_spray_link
 .text.eep_update_spray
                0x000037bc       0xdc Application/data_rw.o
                0x000037bc                eep_update_spray
 .text.eep_spray_delete_first
                0x00003898       0x60 Application/data_rw.o
                0x00003898                eep_spray_delete_first
 .text.read_param
                0x000038f8       0x22 Application/data_rw.o
                0x000038f8                read_param
 .text.upgrade_firmware
                0x0000391a       0x6e Application/event_handle.o
                0x0000391a                upgrade_firmware
 .text.valves_changed
                0x00003988       0x2c Application/event_handle.o
                0x00003988                valves_changed
 .text.send_water_data
                0x000039b4       0x24 Application/event_handle.o
                0x000039b4                send_water_data
 .text.PushEvent
                0x000039d8      0x114 Application/event_handle.o
                0x000039d8                PushEvent
 .text.fine_tune_timeout
                0x00003aec       0xd6 Application/event_handle.o
                0x00003aec                fine_tune_timeout
 .text.upload_sch_detection
                0x00003bc2       0x7c Application/event_handle.o
                0x00003bc2                upload_sch_detection
 .text.delete_sch_detection
                0x00003c3e       0x12 Application/event_handle.o
                0x00003c3e                delete_sch_detection
 .text.restart_system_detect
                0x00003c50       0x1c Application/event_handle.o
                0x00003c50                restart_system_detect
 .text.sent_water_detection
                0x00003c6c       0x2a Application/event_handle.o
                0x00003c6c                sent_water_detection
 .text.TimeCtr_init
                0x00003c96       0x6c Application/event_handle.o
                0x00003c96                TimeCtr_init
 .text.TimeCtr  0x00003d02      0x1da Application/event_handle.o
                0x00003d02                TimeCtr
 .text.sscanf_f
                0x00003edc       0xe6 Application/json.o
                0x00003edc                sscanf_f
 .text.Js_parser_value_int
                0x00003fc2       0xd0 Application/json.o
                0x00003fc2                Js_parser_value_int
 .text.Js_parser_string
                0x00004092       0x88 Application/json.o
                0x00004092                Js_parser_string
 .text.Js_parser_array
                0x0000411a      0x108 Application/json.o
                0x0000411a                Js_parser_array
 .text.Js_parser_array_int
                0x00004222      0x11e Application/json.o
                0x00004222                Js_parser_array_int
 .text.prarser_datetime
                0x00004340      0x2e0 Application/json.o
                0x00004340                prarser_datetime
 .text.parser_open_valve
                0x00004620      0x142 Application/json.o
                0x00004620                parser_open_valve
 .text.parser_close_valve
                0x00004762       0xc0 Application/json.o
                0x00004762                parser_close_valve
 .text.sprintf_float
                0x00004822       0x9c Application/json.o
                0x00004822                sprintf_float
 .text.get_spray_zone_time
                0x000048be      0x116 Application/json.o
                0x000048be                get_spray_zone_time
 .text.get_zone_time_now
                0x000049d4       0xa4 Application/json.o
                0x000049d4                get_zone_time_now
 .text.get_zone_time_inline
                0x00004a78       0xb0 Application/json.o
                0x00004a78                get_zone_time_inline
 .text.get_cmd  0x00004b28      0xba0 Application/json.o
                0x00004b28                get_cmd
 .text.tobit_week
                0x000056c8       0x40 Application/json.o
                0x000056c8                tobit_week
 .text.Js_parser_value_char
                0x00005708       0xc8 Application/json.o
                0x00005708                Js_parser_value_char
 .text.parser_dev_param
                0x000057d0      0x114 Application/json.o
                0x000057d0                parser_dev_param
 .text.parser_schedule
                0x000058e4      0x2aa Application/json.o
                0x000058e4                parser_schedule
 .text.parser_Sdstatus
                0x00005b8e       0xf0 Application/json.o
                0x00005b8e                parser_Sdstatus
 .text.setw_reback_handle
                0x00005c7e      0x134 Application/json.o
                0x00005c7e                setw_reback_handle
 .text.parse_raindelay
                0x00005db2       0x90 Application/json.o
                0x00005db2                parse_raindelay
 .text.parse_deletesch
                0x00005e42       0x78 Application/json.o
                0x00005e42                parse_deletesch
 .text.parse_getfine
                0x00005eba      0x19e Application/json.o
                0x00005eba                parse_getfine
 .text.dev_remove
                0x00006058       0x1c Application/json.o
                0x00006058                dev_remove
 .text.time_legal
                0x00006074       0x5a Application/json.o
                0x00006074                time_legal
 .text.get_cid  0x000060ce       0x56 Application/json.o
                0x000060ce                get_cid
 .text.parse_commands
                0x00006124      0x3d0 Application/json.o
 .text.error_handle
                0x000064f4       0xd8 Application/json.o
                0x000064f4                error_handle
 .text.parse_cloud_API
                0x000065cc      0x768 Application/json.o
                0x000065cc                parse_cloud_API
 .text.init_list
                0x00006d34       0x2a Application/schedule_execute.o
                0x00006d34                init_list
 .text.get_length
                0x00006d5e       0x22 Application/schedule_execute.o
                0x00006d5e                get_length
 .text.locate_zone
                0x00006d80       0x32 Application/schedule_execute.o
                0x00006d80                locate_zone
 .text.ins_elem
                0x00006db2       0x72 Application/schedule_execute.o
                0x00006db2                ins_elem
 .text.AddWaterUsedToLink
                0x00006e24       0x6e Application/schedule_execute.o
 .text.DelElem  0x00006e92       0x66 Application/schedule_execute.o
                0x00006e92                DelElem
 .text.get_addr
                0x00006ef8       0x26 Application/schedule_execute.o
                0x00006ef8                get_addr
 .text.updata_sch
                0x00006f1e       0x3a Application/schedule_execute.o
                0x00006f1e                updata_sch
 .text.insert_sch
                0x00006f58       0x88 Application/schedule_execute.o
                0x00006f58                insert_sch
 .text.del_sch  0x00006fe0       0x3c Application/schedule_execute.o
                0x00006fe0                del_sch
 .text.get_upload_sch_addr
                0x0000701c       0x28 Application/schedule_execute.o
                0x0000701c                get_upload_sch_addr
 .text.locate_spray
                0x00007044       0x30 Application/schedule_execute.o
                0x00007044                locate_spray
 .text.add_spray
                0x00007074      0x18e Application/schedule_execute.o
                0x00007074                add_spray
 .text.ScheduleExe
                0x00007202      0x290 Application/schedule_execute.o
                0x00007202                ScheduleExe
 .text.sch_inquire
                0x00007492       0xd0 Application/schedule_execute.o
                0x00007492                sch_inquire
 .text.start_spray
                0x00007562       0x96 Application/schedule_execute.o
                0x00007562                start_spray
 .text.del_spray
                0x000075f8       0x1c Application/schedule_execute.o
                0x000075f8                del_spray
 .text.clean_spray
                0x00007614       0x40 Application/schedule_execute.o
                0x00007614                clean_spray
 .text.clear_link
                0x00007654       0x30 Application/schedule_execute.o
                0x00007654                clear_link
 .text.del_all_sch
                0x00007684        0x6 Application/schedule_execute.o
                0x00007684                del_all_sch
 .text.del_first_water_used
                0x0000768a       0x1e Application/schedule_execute.o
                0x0000768a                del_first_water_used
 .text.add_water_used
                0x000076a8      0x126 Application/schedule_execute.o
                0x000076a8                add_water_used
 .text.del_last_water_used
                0x000077ce       0x1c Application/schedule_execute.o
                0x000077ce                del_last_water_used
 .text.schedule_is_legal
                0x000077ea       0x84 Application/schedule_execute.o
                0x000077ea                schedule_is_legal
 .text.maun_zone_chage
                0x0000786e      0x12e Application/UI.o
                0x0000786e                maun_zone_chage
 .text.RTC_show_time
                0x0000799c      0x140 Application/UI.o
                0x0000799c                RTC_show_time
 .text.to_asc_mon
                0x00007adc       0x8c Application/UI.o
                0x00007adc                to_asc_mon
 .text.to_asc_week
                0x00007b68       0x50 Application/UI.o
                0x00007b68                to_asc_week
 .text.RTC_show_date
                0x00007bb8       0xcc Application/UI.o
                0x00007bb8                RTC_show_date
 .text.show_manu_arrow
                0x00007c84       0x2a Application/UI.o
                0x00007c84                show_manu_arrow
 .text.maun_value_show
                0x00007cae       0x28 Application/UI.o
                0x00007cae                maun_value_show
 .text.AutoModePageDisplay
                0x00007cd6      0x16a Application/UI.o
                0x00007cd6                AutoModePageDisplay
 .text.SchMainDisplay
                0x00007e40       0x70 Application/UI.o
                0x00007e40                SchMainDisplay
 .text.ManuWaterPageDisplay
                0x00007eb0       0x46 Application/UI.o
                0x00007eb0                ManuWaterPageDisplay
 .text.show_watering
                0x00007ef6      0x376 Application/UI.o
                0x00007ef6                show_watering
 .text.AutoStartPageDisplay
                0x0000826c        0xe Application/UI.o
                0x0000826c                AutoStartPageDisplay
 .text.ManuWaterStartDisplay
                0x0000827a       0x1a Application/UI.o
                0x0000827a                ManuWaterStartDisplay
 .text.show_success
                0x00008294       0x42 Application/UI.o
                0x00008294                show_success
 .text.show_raindelay
                0x000082d6       0xac Application/UI.o
                0x000082d6                show_raindelay
 .text.RainDelayDisplay
                0x00008382       0x56 Application/UI.o
                0x00008382                RainDelayDisplay
 .text.show_conf_sel
                0x000083d8       0x2e Application/UI.o
                0x000083d8                show_conf_sel
 .text.SettingDisplay
                0x00008406       0x74 Application/UI.o
                0x00008406                SettingDisplay
 .text.OffModeDisplay
                0x0000847a       0x6e Application/UI.o
                0x0000847a                OffModeDisplay
 .text.show_adjust
                0x000084e8      0x1a8 Application/UI.o
                0x000084e8                show_adjust
 .text.show_adjust_sel
                0x00008690       0x44 Application/UI.o
                0x00008690                show_adjust_sel
 .text.WeatherAdjustDisplay
                0x000086d4       0x68 Application/UI.o
                0x000086d4                WeatherAdjustDisplay
 .text.setup_date_show
                0x0000873c      0x286 Application/UI.o
                0x0000873c                setup_date_show
 .text.setup_time_show
                0x000089c2      0x394 Application/UI.o
                0x000089c2                setup_time_show
 .text.DataTimeSetDisplay
                0x00008d56       0x50 Application/UI.o
                0x00008d56                DataTimeSetDisplay
 .text.WifiAccessDisplay
                0x00008da6       0x30 Application/UI.o
                0x00008da6                WifiAccessDisplay
 .text.RegSmartDevDisplay
                0x00008dd6       0xd8 Application/UI.o
                0x00008dd6                RegSmartDevDisplay
 .text.show_valve
                0x00008eae      0x1b6 Application/UI.o
                0x00008eae                show_valve
 .text.show_arrow
                0x00009064       0x9c Application/UI.o
                0x00009064                show_arrow
 .text.SchSelValveDisplay
                0x00009100       0xbe Application/UI.o
                0x00009100                SchSelValveDisplay
 .text.timer_show
                0x000091be      0x1c0 Application/UI.o
                0x000091be                timer_show
 .text.SchSetTimeDisplay
                0x0000937e      0x5b0 Application/UI.o
                0x0000937e                SchSetTimeDisplay
 .text.SchSetWeeksDisplay
                0x0000992e      0x172 Application/UI.o
                0x0000992e                SchSetWeeksDisplay
 .text.SchSelModeDisplay
                0x00009aa0       0xe2 Application/UI.o
                0x00009aa0                SchSelModeDisplay
 .text.SchSetDaysDisplay
                0x00009b82      0x364 Application/UI.o
                0x00009b82                SchSetDaysDisplay
 .text.SpecialFeatDisplay
                0x00009ee6       0xb8 Application/UI.o
                0x00009ee6                SpecialFeatDisplay
 .text.SchDelDisplay
                0x00009f9e       0x24 Application/UI.o
                0x00009f9e                SchDelDisplay
 .text.SchPlsSetTimeDisplay
                0x00009fc2       0x30 Application/UI.o
                0x00009fc2                SchPlsSetTimeDisplay
 .text.SchPlsSetWeekDisplay
                0x00009ff2       0x42 Application/UI.o
                0x00009ff2                SchPlsSetWeekDisplay
 .text.SchNoPlanDisplay
                0x0000a034       0x18 Application/UI.o
                0x0000a034                SchNoPlanDisplay
 .text.MasterConfigDisplay
                0x0000a04c       0x30 Application/UI.o
                0x0000a04c                MasterConfigDisplay
 .text.SchConfirmCoverDisplay
                0x0000a07c       0x24 Application/UI.o
                0x0000a07c                SchConfirmCoverDisplay
 .text.SchSprayLimitDisplay
                0x0000a0a0       0x7e Application/UI.o
                0x0000a0a0                SchSprayLimitDisplay
 .text.UI_Display
                0x0000a11e       0x88 Application/UI.o
                0x0000a11e                UI_Display
 .text.button_init
                0x0000a1a6       0x4c BUTTON/button.o
                0x0000a1a6                button_init
 .text.button_detection
                0x0000a1f2      0x312 BUTTON/button.o
                0x0000a1f2                button_detection
 .text.sensor_init
                0x0000a504        0x6 BUTTON/button.o
                0x0000a504                sensor_init
 .text.get_sensor_state
                0x0000a50a        0xc BUTTON/button.o
                0x0000a50a                get_sensor_state
 .text.parse_hex4
                0x0000a516      0x100 Cjson/cJSON.o
 .text.parse_string
                0x0000a616      0x20c Cjson/cJSON.o
 .text.skip     0x0000a822       0x14 Cjson/cJSON.o
 .text.cJSON_New_Item
                0x0000a836       0x22 Cjson/cJSON.o
 .text.update   0x0000a858       0x32 Cjson/cJSON.o
 .text.cJSON_strdup
                0x0000a88a       0x56 Cjson/cJSON.o
 .text.ensure   0x0000a8e0       0xe8 Cjson/cJSON.o
 .text.cJSON_strcasecmp
                0x0000a9c8       0x6e Cjson/cJSON.o
 .text.print_number
                0x0000aa36      0x226 Cjson/cJSON.o
 .text.print_string_ptr
                0x0000ac5c      0x200 Cjson/cJSON.o
 .text.print_array.isra.2
                0x0000ae5c      0x360 Cjson/cJSON.o
 .text.print_value
                0x0000b1bc      0x11e Cjson/cJSON.o
 .text.print_object.isra.1
                0x0000b2da      0x65e Cjson/cJSON.o
 .text.parse_value
                0x0000b938      0x52c Cjson/cJSON.o
 .text.cJSON_Delete
                0x0000be64       0x72 Cjson/cJSON.o
                0x0000be64                cJSON_Delete
 .text.cJSON_ParseWithOpts
                0x0000bed6       0x84 Cjson/cJSON.o
                0x0000bed6                cJSON_ParseWithOpts
 .text.cJSON_Parse
                0x0000bf5a        0xa Cjson/cJSON.o
                0x0000bf5a                cJSON_Parse
 .text.cJSON_Print
                0x0000bf64        0xe Cjson/cJSON.o
                0x0000bf64                cJSON_Print
 .text.cJSON_GetObjectItem
                0x0000bf72       0x36 Cjson/cJSON.o
                0x0000bf72                cJSON_GetObjectItem
 .text.cJSON_AddItemToArray
                0x0000bfa8       0x38 Cjson/cJSON.o
                0x0000bfa8                cJSON_AddItemToArray
 .text.cJSON_AddItemToObject
                0x0000bfe0       0x52 Cjson/cJSON.o
                0x0000bfe0                cJSON_AddItemToObject
 .text.cJSON_CreateNumber
                0x0000c032       0x46 Cjson/cJSON.o
                0x0000c032                cJSON_CreateNumber
 .text.cJSON_CreateString
                0x0000c078       0x32 Cjson/cJSON.o
                0x0000c078                cJSON_CreateString
 .text.cJSON_CreateObject
                0x0000c0aa       0x16 Cjson/cJSON.o
                0x0000c0aa                cJSON_CreateObject
 .text.create_msg
                0x0000c0c0       0xf4 DHCP/dhcpc.o
 .text.parse_msg
                0x0000c1b4      0x144 DHCP/dhcpc.o
 .text.dhcpc_init
                0x0000c2f8       0x64 DHCP/dhcpc.o
                0x0000c2f8                dhcpc_init
 .text.dhcpc_configured
                0x0000c35c       0x52 DHCP/dhcpc.o
                0x0000c35c                dhcpc_configured
 .text.dhcpc_appcall
                0x0000c3ae      0x28e DHCP/dhcpc.o
                0x0000c3ae                dhcpc_appcall
 .text.enc28j60ReadOp
                0x0000c63c       0x2e ENC28J60/enc28j60.o
                0x0000c63c                enc28j60ReadOp
 .text.enc28j60WriteOp
                0x0000c66a       0x24 ENC28J60/enc28j60.o
                0x0000c66a                enc28j60WriteOp
 .text.enc28j60ReadBuffer
                0x0000c68e       0x24 ENC28J60/enc28j60.o
                0x0000c68e                enc28j60ReadBuffer
 .text.enc28j60WriteBuffer
                0x0000c6b2       0x24 ENC28J60/enc28j60.o
                0x0000c6b2                enc28j60WriteBuffer
 .text.enc28j60SetBank
                0x0000c6d6       0x32 ENC28J60/enc28j60.o
                0x0000c6d6                enc28j60SetBank
 .text.enc28j60Read
                0x0000c708       0x1c ENC28J60/enc28j60.o
                0x0000c708                enc28j60Read
 .text.enc28j60Write
                0x0000c724       0x22 ENC28J60/enc28j60.o
                0x0000c724                enc28j60Write
 .text.nicSetMacAddress
                0x0000c746       0x30 ENC28J60/enc28j60.o
                0x0000c746                nicSetMacAddress
 .text.enc28j60PhyWrite
                0x0000c776       0x36 ENC28J60/enc28j60.o
                0x0000c776                enc28j60PhyWrite
 .text.enc28j60Init
                0x0000c7ac       0xc4 ENC28J60/enc28j60.o
                0x0000c7ac                enc28j60Init
 .text.enc28j60PacketSend
                0x0000c870       0x46 ENC28J60/enc28j60.o
                0x0000c870                enc28j60PacketSend
 .text.enc28j60PacketReceive
                0x0000c8b6      0x11c ENC28J60/enc28j60.o
                0x0000c8b6                enc28j60PacketReceive
 .text.SPI_init
                0x0000c9d2       0x34 ENC28J60/spi.o
                0x0000c9d2                SPI_init
 .text.SPI_ReadWrite
                0x0000ca06        0xc ENC28J60/spi.o
                0x0000ca06                SPI_ReadWrite
 .text.SPI_FastMem2Write
                0x0000ca12       0x24 ENC28J60/spi.o
                0x0000ca12                SPI_FastMem2Write
 .text.SPI_FastRead2Mem
                0x0000ca36       0x24 ENC28J60/spi.o
                0x0000ca36                SPI_FastRead2Mem
 .text.SPI_GetInitState
                0x0000ca5a        0x6 ENC28J60/spi.o
                0x0000ca5a                SPI_GetInitState
 .text.exboard_send
                0x0000ca60       0x32 HC595N/exboard.o
 .text.crc16    0x0000ca92       0x3c HC595N/exboard.o
                0x0000ca92                crc16
 .text.exboard_open
                0x0000cace       0xbc HC595N/exboard.o
                0x0000cace                exboard_open
 .text.exboard_close
                0x0000cb8a       0xca HC595N/exboard.o
                0x0000cb8a                exboard_close
 .text.exboard_detection
                0x0000cc54       0xc0 HC595N/exboard.o
                0x0000cc54                exboard_detection
 .text.detect_handle
                0x0000cd14       0x3c HC595N/exboard.o
                0x0000cd14                detect_handle
 .text.exboard_receive
                0x0000cd50      0x16c HC595N/exboard.o
                0x0000cd50                exboard_receive
 .text.HC595N_write
                0x0000cebc       0x38 HC595N/HC595N.o
                0x0000cebc                HC595N_write
 .text.valve_open
                0x0000cef4       0xe4 HC595N/HC595N.o
                0x0000cef4                valve_open
 .text.valve_close
                0x0000cfd8       0x26 HC595N/HC595N.o
                0x0000cfd8                valve_close
 .text.HC595N_init
                0x0000cffe       0x16 HC595N/HC595N.o
                0x0000cffe                HC595N_init
 .text.spray_open
                0x0000d014        0xa HC595N/HC595N.o
                0x0000d014                spray_open
 .text.spray_close_all
                0x0000d01e       0x22 HC595N/HC595N.o
                0x0000d01e                spray_close_all
 .text.spray_close_zone
                0x0000d040       0x2a HC595N/HC595N.o
                0x0000d040                spray_close_zone
 .text.get_spray_state
                0x0000d06a       0x4c HC595N/HC595N.o
                0x0000d06a                get_spray_state
 .text.get_spray_array_state
                0x0000d0b6       0x8a HC595N/HC595N.o
                0x0000d0b6                get_spray_array_state
 .text.add_spray_to_waterused
                0x0000d140       0xa8 HC595N/HC595N.o
                0x0000d140                add_spray_to_waterused
 .text.spary_exe2
                0x0000d1e8      0x182 HC595N/HC595N.o
                0x0000d1e8                spary_exe2
 .text.spray_detection
                0x0000d36a      0x154 HC595N/HC595N.o
                0x0000d36a                spray_detection
 .text.char_swich
                0x0000d4be      0x150 LCD/LCD.o
                0x0000d4be                char_swich
 .text.char_swich916
                0x0000d60e       0x80 LCD/LCD.o
                0x0000d60e                char_swich916
 .text.LCDIoinit
                0x0000d68e       0x14 LCD/LCD.o
                0x0000d68e                LCDIoinit
 .text.DataSend
                0x0000d6a2       0x2c LCD/LCD.o
                0x0000d6a2                DataSend
 .text.WriteCommand
                0x0000d6ce       0x10 LCD/LCD.o
                0x0000d6ce                WriteCommand
 .text.WriteData
                0x0000d6de        0xe LCD/LCD.o
                0x0000d6de                WriteData
 .text.LCD_clear
                0x0000d6ec       0x2a LCD/LCD.o
                0x0000d6ec                LCD_clear
 .text.LCD_init
                0x0000d716       0x64 LCD/LCD.o
                0x0000d716                LCD_init
 .text.LCD_show_stringR
                0x0000d77a       0xc8 LCD/LCD.o
                0x0000d77a                LCD_show_stringR
 .text.LCD_show_strP
                0x0000d842       0xd6 LCD/LCD.o
                0x0000d842                LCD_show_strP
 .text.LCD_show_char
                0x0000d918       0x66 LCD/LCD.o
                0x0000d918                LCD_show_char
 .text.LCD_show_string
                0x0000d97e       0x30 LCD/LCD.o
                0x0000d97e                LCD_show_string
 .text.LCD_show_icon
                0x0000d9ae       0x62 LCD/LCD.o
                0x0000d9ae                LCD_show_icon
 .text.LCD_show_char916
                0x0000da10       0x9a LCD/LCD.o
                0x0000da10                LCD_show_char916
 .text.LCD_show_str916
                0x0000daaa       0x2c LCD/LCD.o
                0x0000daaa                LCD_show_str916
 .text.set_backlight
                0x0000dad6       0x14 main.o
                0x0000dad6                set_backlight
 .text.ethernet_receive
                0x0000daea      0x106 main.o
                0x0000daea                ethernet_receive
 .text.move_interrupts
                0x0000dbf0       0x22 main.o
                0x0000dbf0                move_interrupts
 .text.startup.main
                0x0000dc12      0x17e main.o
                0x0000dc12                main
 .text.__vector_13
                0x0000dd90      0x120 main.o
                0x0000dd90                __vector_13
 .text.__vector_14
                0x0000deb0       0x56 main.o
                0x0000deb0                __vector_14
 .text.__vector_4
                0x0000df06       0x1e main.o
                0x0000df06                __vector_4
 .text.__vector_6
                0x0000df24       0x1e main.o
                0x0000df24                __vector_6
 .text.__vector_7
                0x0000df42       0x1e main.o
                0x0000df42                __vector_7
 .text.__vector_5
                0x0000df60       0x1e main.o
                0x0000df60                __vector_5
 .text.resolv_found
                0x0000df7e       0x16 main.o
                0x0000df7e                resolv_found
 .text.mqclient_connected
                0x0000df94       0x1c main.o
                0x0000df94                mqclient_connected
 .text.mqclient_timedout
                0x0000dfb0       0x5e main.o
                0x0000dfb0                mqclient_timedout
 .text.mqclient_datahandler
                0x0000e00e       0x18 main.o
                0x0000e00e                mqclient_datahandler
 .text.MY_UDP_APPCALL
                0x0000e026       0x2e main.o
                0x0000e026                MY_UDP_APPCALL
 .text.mq_send_data
                0x0000e054       0x12 MQTT-CLIENT/mqtt-client.o
 .text.mq_wifi_init.part.0
                0x0000e066       0x1a MQTT-CLIENT/mqtt-client.o
 .text.set_wifi_restart
                0x0000e080       0x14 MQTT-CLIENT/mqtt-client.o
                0x0000e080                set_wifi_restart
 .text.set_uip_restart
                0x0000e094       0x14 MQTT-CLIENT/mqtt-client.o
                0x0000e094                set_uip_restart
 .text.mqtt_send_data
                0x0000e0a8      0x280 MQTT-CLIENT/mqtt-client.o
                0x0000e0a8                mqtt_send_data
 .text.mqtt_read_packet
                0x0000e328      0x1cc MQTT-CLIENT/mqtt-client.o
                0x0000e328                mqtt_read_packet
 .text.send_mq_publish
                0x0000e4f4       0x1e MQTT-CLIENT/mqtt-client.o
                0x0000e4f4                send_mq_publish
 .text.send_mq_app_publish
                0x0000e512       0x1e MQTT-CLIENT/mqtt-client.o
                0x0000e512                send_mq_app_publish
 .text.mq_send_ping
                0x0000e530       0x34 MQTT-CLIENT/mqtt-client.o
                0x0000e530                mq_send_ping
 .text.wifimac_reload
                0x0000e564       0x12 MQTT-CLIENT/mqtt-client.o
                0x0000e564                wifimac_reload
 .text.set_wifi_stalink
                0x0000e576        0xe MQTT-CLIENT/mqtt-client.o
                0x0000e576                set_wifi_stalink
 .text.connect_data_init
                0x0000e584       0x38 MQTT-CLIENT/mqtt-data.o
                0x0000e584                connect_data_init
 .text.sub_topic_init
                0x0000e5bc       0x3a MQTT-CLIENT/mqtt-data.o
                0x0000e5bc                sub_topic_init
 .text.pub_topic_init
                0x0000e5f6       0x1a MQTT-CLIENT/mqtt-data.o
                0x0000e5f6                pub_topic_init
 .text.apppub_topic_init
                0x0000e610       0x3a MQTT-CLIENT/mqtt-data.o
                0x0000e610                apppub_topic_init
 .text.connect_packet
                0x0000e64a       0x30 MQTT-CLIENT/mqtt-packet.o
                0x0000e64a                connect_packet
 .text.subscribe_packet
                0x0000e67a       0x6c MQTT-CLIENT/mqtt-packet.o
                0x0000e67a                subscribe_packet
 .text.ping_packet
                0x0000e6e6       0x66 MQTT-CLIENT/mqtt-packet.o
                0x0000e6e6                ping_packet
 .text.publish_packet
                0x0000e74c      0x106 MQTT-CLIENT/mqtt-packet.o
                0x0000e74c                publish_packet
 .text.app_publish_packet
                0x0000e852      0x106 MQTT-CLIENT/mqtt-packet.o
                0x0000e852                app_publish_packet
 .text.unpack_suback
                0x0000e958       0x60 MQTT-CLIENT/mqtt-unpack.o
                0x0000e958                unpack_suback
 .text.unpack_connack
                0x0000e9b8       0x38 MQTT-CLIENT/mqtt-unpack.o
                0x0000e9b8                unpack_connack
 .text.unpack_puback
                0x0000e9f0       0x60 MQTT-CLIENT/mqtt-unpack.o
                0x0000e9f0                unpack_puback
 .text.wifi_transport_sendPacketBuffer
                0x0000ea50        0x4 MQTT-CLIENT/transport.o
                0x0000ea50                wifi_transport_sendPacketBuffer
 .text.eth_transport_sendPacketBuffer
                0x0000ea54        0x4 MQTT-CLIENT/transport.o
                0x0000ea54                eth_transport_sendPacketBuffer
 .text.transport_getdata
                0x0000ea58       0x58 MQTT-CLIENT/transport.o
                0x0000ea58                transport_getdata
 .text.wifi_transport_open
                0x0000eab0       0x16 MQTT-CLIENT/transport.o
                0x0000eab0                wifi_transport_open
 .text.eth_transport_open
                0x0000eac6        0x8 MQTT-CLIENT/transport.o
                0x0000eac6                eth_transport_open
 .text.MQTTSerialize_connectLength
                0x0000eace       0xca MQTT/MQTTConnectClient.o
                0x0000eace                MQTTSerialize_connectLength
 .text.MQTTSerialize_connect
                0x0000eb98      0x188 MQTT/MQTTConnectClient.o
                0x0000eb98                MQTTSerialize_connect
 .text.MQTTDeserialize_connack
                0x0000ed20       0x8c MQTT/MQTTConnectClient.o
                0x0000ed20                MQTTDeserialize_connack
 .text.MQTTSerialize_zero
                0x0000edac       0x5a MQTT/MQTTConnectClient.o
                0x0000edac                MQTTSerialize_zero
 .text.MQTTSerialize_pingreq
                0x0000ee06        0x4 MQTT/MQTTConnectClient.o
                0x0000ee06                MQTTSerialize_pingreq
 .text.MQTTDeserialize_publish
                0x0000ee0a      0x110 MQTT/MQTTDeserializePublish.o
                0x0000ee0a                MQTTDeserialize_publish
 .text.MQTTDeserialize_ack
                0x0000ef1a       0x86 MQTT/MQTTDeserializePublish.o
                0x0000ef1a                MQTTDeserialize_ack
 .text.bufchar  0x0000efa0       0x38 MQTT/MQTTPacket.o